#-----------------------------------------------------------
# Vivado v2016.2 (64-bit)
# SW Build 1577090 on Thu Jun  2 16:32:40 MDT 2016
# IP Build 1577682 on Fri Jun  3 12:00:54 MDT 2016
# Start of session at: Tue Feb 06 16:01:59 2018
# Process ID: 6200
# Current directory: Z:/Documents/Projects/EE2026_labs/fourbit_full_adder
# Command line: vivado.exe -gui_launcher_event rodinguilauncherevent1928 Z:\Documents\Projects\EE2026_labs\fourbit_full_adder\fourbit_full_adder.xpr
# Log file: Z:/Documents/Projects/EE2026_labs/fourbit_full_adder/vivado.log
# Journal file: Z:/Documents/Projects/EE2026_labs/fourbit_full_adder\vivado.jou
#-----------------------------------------------------------
start_gui
open_project Z:/Documents/Projects/EE2026_labs/fourbit_full_adder/fourbit_full_adder.xpr
update_compile_order -fileset sources_1
launch_runs synth_1
wait_on_run synth_1
reset_run synth_1
launch_runs synth_1
wait_on_run synth_1
launch_runs impl_1
wait_on_run impl_1
launch_runs impl_1 -to_step write_bitstream
wait_on_run impl_1
open_hw
connect_hw_server
open_hw_target
set_property PROGRAM.FILE {Z:/Documents/Projects/EE2026_labs/fourbit_full_adder/fourbit_full_adder.runs/impl_1/fourbit_full_adder.bit} [lindex [get_hw_devices] 0]
current_hw_device [lindex [get_hw_devices] 0]
refresh_hw_device -update_hw_probes false [lindex [get_hw_devices] 0]
set_property PROBES.FILE {} [lindex [get_hw_devices] 0]
set_property PROGRAM.FILE {Z:/Documents/Projects/EE2026_labs/fourbit_full_adder/fourbit_full_adder.runs/impl_1/fourbit_full_adder.bit} [lindex [get_hw_devices] 0]
program_hw_devices [lindex [get_hw_devices] 0]
refresh_hw_device [lindex [get_hw_devices] 0]
